Archive member included because of file (symbol)

c:/program files (x86)/atmel/atmel toolchain/avr8 gcc/native/3.4.1061/avr8-gnu-toolchain/bin/../lib/gcc/avr/4.8.1/avr51\libgcc.a(_mulsi3.o)
                              src/range_finder_api/core/src/vl53l0x_api_core.o (__mulsi3)
c:/program files (x86)/atmel/atmel toolchain/avr8 gcc/native/3.4.1061/avr8-gnu-toolchain/bin/../lib/gcc/avr/4.8.1/avr51\libgcc.a(_udivmodsi4.o)
                              src/range_finder_api/core/src/vl53l0x_api.o (__udivmodsi4)
c:/program files (x86)/atmel/atmel toolchain/avr8 gcc/native/3.4.1061/avr8-gnu-toolchain/bin/../lib/gcc/avr/4.8.1/avr51\libgcc.a(_divmodsi4.o)
                              src/range_finder_api/core/src/vl53l0x_api_calibration.o (__divmodsi4)
c:/program files (x86)/atmel/atmel toolchain/avr8 gcc/native/3.4.1061/avr8-gnu-toolchain/bin/../lib/gcc/avr/4.8.1/avr51\libgcc.a(_negsi2.o)
                              c:/program files (x86)/atmel/atmel toolchain/avr8 gcc/native/3.4.1061/avr8-gnu-toolchain/bin/../lib/gcc/avr/4.8.1/avr51\libgcc.a(_divmodsi4.o) (__negsi2)
c:/program files (x86)/atmel/atmel toolchain/avr8 gcc/native/3.4.1061/avr8-gnu-toolchain/bin/../lib/gcc/avr/4.8.1/avr51\libgcc.a(_exit.o)
                              c:/program files (x86)/atmel/atmel toolchain/avr8 gcc/native/3.4.1061/avr8-gnu-toolchain/bin/../lib/gcc/avr/4.8.1/../../../../avr/lib/avr51/crtm1284p.o (exit)
c:/program files (x86)/atmel/atmel toolchain/avr8 gcc/native/3.4.1061/avr8-gnu-toolchain/bin/../lib/gcc/avr/4.8.1/avr51\libgcc.a(_tablejump.o)
                              src/range_finder_api/core/src/vl53l0x_api_strings.o (__tablejump2__)
c:/program files (x86)/atmel/atmel toolchain/avr8 gcc/native/3.4.1061/avr8-gnu-toolchain/bin/../lib/gcc/avr/4.8.1/avr51\libgcc.a(_copy_data.o)
                              src/range_finder_api/core/src/vl53l0x_api.o (__do_copy_data)
c:/program files (x86)/atmel/atmel toolchain/avr8 gcc/native/3.4.1061/avr8-gnu-toolchain/bin/../lib/gcc/avr/4.8.1/avr51\libgcc.a(_clear_bss.o)
                              src/range_finder_api/platform/src/vl53l0x_platform_log.o (__do_clear_bss)
c:/program files (x86)/atmel/atmel toolchain/avr8 gcc/native/3.4.1061/avr8-gnu-toolchain/bin/../lib/gcc/avr/4.8.1/avr51\libgcc.a(_umulhisi3.o)
                              src/range_finder_api/core/src/vl53l0x_api.o (__umulhisi3)
c:/program files (x86)/atmel/atmel toolchain/avr8 gcc/native/3.4.1061/avr8-gnu-toolchain/bin/../lib/gcc/avr/4.8.1/avr51\libgcc.a(_muluhisi3.o)
                              src/range_finder_api/core/src/vl53l0x_api.o (__muluhisi3)
c:/program files (x86)/atmel/atmel toolchain/avr8 gcc/native/3.4.1061/avr8-gnu-toolchain/bin/../lib/gcc/avr/4.8.1/../../../../avr/lib/avr51\libc.a(strcpy.o)
                              src/range_finder_api/core/src/vl53l0x_api_core.o (strcpy)

Allocating common symbols
Common symbol       size              file

debug_string        0x100             src/range_finder_api/platform/src/vl53l0x_platform_log.o

Discarded input sections

 .data          0x00000000        0x0 c:/program files (x86)/atmel/atmel toolchain/avr8 gcc/native/3.4.1061/avr8-gnu-toolchain/bin/../lib/gcc/avr/4.8.1/../../../../avr/lib/avr51/crtm1284p.o
 .bss           0x00000000        0x0 c:/program files (x86)/atmel/atmel toolchain/avr8 gcc/native/3.4.1061/avr8-gnu-toolchain/bin/../lib/gcc/avr/4.8.1/../../../../avr/lib/avr51/crtm1284p.o
 .group         0x00000000        0x8 src/range_finder_api/core/src/vl53l0x_api.o
 .group         0x00000000        0x8 src/range_finder_api/core/src/vl53l0x_api.o
 .group         0x00000000        0x8 src/range_finder_api/core/src/vl53l0x_api.o
 .group         0x00000000        0x8 src/range_finder_api/core/src/vl53l0x_api.o
 .group         0x00000000        0x8 src/range_finder_api/core/src/vl53l0x_api.o
 .group         0x00000000        0x8 src/range_finder_api/core/src/vl53l0x_api.o
 .group         0x00000000        0x8 src/range_finder_api/core/src/vl53l0x_api.o
 .group         0x00000000        0x8 src/range_finder_api/core/src/vl53l0x_api.o
 .group         0x00000000        0x8 src/range_finder_api/core/src/vl53l0x_api.o
 .group         0x00000000        0x8 src/range_finder_api/core/src/vl53l0x_api.o
 .group         0x00000000        0x8 src/range_finder_api/core/src/vl53l0x_api.o
 .group         0x00000000        0x8 src/range_finder_api/core/src/vl53l0x_api.o
 .group         0x00000000        0x8 src/range_finder_api/core/src/vl53l0x_api.o
 .group         0x00000000        0x8 src/range_finder_api/core/src/vl53l0x_api.o
 .group         0x00000000        0x8 src/range_finder_api/core/src/vl53l0x_api.o
 .group         0x00000000        0x8 src/range_finder_api/core/src/vl53l0x_api.o
 .group         0x00000000        0x8 src/range_finder_api/core/src/vl53l0x_api.o
 .group         0x00000000        0x8 src/range_finder_api/core/src/vl53l0x_api.o
 .group         0x00000000        0x8 src/range_finder_api/core/src/vl53l0x_api.o
[...]
Memory Configuration

Name             Origin             Length             Attributes
text             0x00000000         0x00020000         xr
data             0x00800100         0x0000ff00         rw !x
eeprom           0x00810000         0x00010000         rw !x
fuse             0x00820000         0x00000400         rw !x
lock             0x00830000         0x00000400         rw !x
signature        0x00840000         0x00000400         rw !x
user_signatures  0x00850000         0x00000400         rw !x
*default*        0x00000000         0xffffffff

Linker script and memory map

Address of section .data set to 0x800100
LOAD c:/program files (x86)/atmel/atmel toolchain/avr8 gcc/native/3.4.1061/avr8-gnu-toolchain/bin/../lib/gcc/avr/4.8.1/../../../../avr/lib/avr51/crtm1284p.o
LOAD src/range_finder_api/core/src/vl53l0x_api.o
LOAD src/range_finder_api/core/src/vl53l0x_api_calibration.o
LOAD src/range_finder_api/core/src/vl53l0x_api_core.o
LOAD src/range_finder_api/core/src/vl53l0x_api_ranging.o
LOAD src/range_finder_api/core/src/vl53l0x_api_strings.o
LOAD src/range_finder_api/platform/src/vl53l0x_platform.o
LOAD src/range_finder_api/platform/src/vl53l0x_platform_log.o
LOAD src/tests/basic_functionality_tests.o
LOAD src/ASF/common/boards/user_board/init.o
LOAD src/main.o
START GROUP
LOAD c:/program files (x86)/atmel/atmel toolchain/avr8 gcc/native/3.4.1061/avr8-gnu-toolchain/bin/../lib/gcc/avr/4.8.1/../../../../avr/lib/avr51\libm.a
END GROUP
START GROUP
LOAD c:/program files (x86)/atmel/atmel toolchain/avr8 gcc/native/3.4.1061/avr8-gnu-toolchain/bin/../lib/gcc/avr/4.8.1/avr51\libgcc.a
LOAD c:/program files (x86)/atmel/atmel toolchain/avr8 gcc/native/3.4.1061/avr8-gnu-toolchain/bin/../lib/gcc/avr/4.8.1/../../../../avr/lib/avr51\libm.a
LOAD c:/program files (x86)/atmel/atmel toolchain/avr8 gcc/native/3.4.1061/avr8-gnu-toolchain/bin/../lib/gcc/avr/4.8.1/../../../../avr/lib/avr51\libc.a
END GROUP

.hash
 *(.hash)

.dynsym
 *(.dynsym)

.dynstr
 *(.dynstr)

.gnu.version
 *(.gnu.version)

.gnu.version_d
 *(.gnu.version_d)

.gnu.version_r
 *(.gnu.version_r)

.rel.init
 *(.rel.init)

.rela.init
 *(.rela.init)

.rel.text
 *(.rel.text)
 *(.rel.text.*)
 *(.rel.gnu.linkonce.t*)

.rela.text
 *(.rela.text)
 *(.rela.text.*)
 *(.rela.gnu.linkonce.t*)

.rel.fini
 *(.rel.fini)

.rela.fini
 *(.rela.fini)

.rel.rodata
 *(.rel.rodata)
 *(.rel.rodata.*)
 *(.rel.gnu.linkonce.r*)

.rela.rodata
 *(.rela.rodata)
 *(.rela.rodata.*)
 *(.rela.gnu.linkonce.r*)

.rel.data
 *(.rel.data)
 *(.rel.data.*)
 *(.rel.gnu.linkonce.d*)

.rela.data
 *(.rela.data)
 *(.rela.data.*)
 *(.rela.gnu.linkonce.d*)

.rel.ctors
 *(.rel.ctors)

.rela.ctors
 *(.rela.ctors)

.rel.dtors
 *(.rel.dtors)

.rela.dtors
 *(.rela.dtors)

.rel.got
 *(.rel.got)

.rela.got
 *(.rela.got)

.rel.bss
 *(.rel.bss)

.rela.bss
 *(.rela.bss)

.rel.plt
 *(.rel.plt)

.rela.plt
 *(.rela.plt)

.text           0x00000000      0x14e
 *(.vectors)
 .vectors       0x00000000       0x8c c:/program files (x86)/atmel/atmel toolchain/avr8 gcc/native/3.4.1061/avr8-gnu-toolchain/bin/../lib/gcc/avr/4.8.1/../../../../avr/lib/avr51/crtm1284p.o
                0x00000000                __vector_default
                0x00000000                __vectors
 *(.vectors)
 *(.progmem.gcc*)
                0x0000008c                . = ALIGN (0x2)
                0x0000008c                __trampolines_start = .
 *(.trampolines)
 .trampolines   0x0000008c        0x0 linker stubs
 *(.trampolines*)
                0x0000008c                __trampolines_end = .
 *(.progmem*)
                0x0000008c                . = ALIGN (0x2)
 *(.jumptables)
 *(.jumptables*)
 *(.lowtext)
 *(.lowtext*)
                0x0000008c                __ctors_start = .
 *(.ctors)
                0x0000008c                __ctors_end = .
                0x0000008c                __dtors_start = .
 *(.dtors)
                0x0000008c                __dtors_end = .
 SORT(*)(.ctors)
 SORT(*)(.dtors)
 *(.init0)
 .init0         0x0000008c        0x0 c:/program files (x86)/atmel/atmel toolchain/avr8 gcc/native/3.4.1061/avr8-gnu-toolchain/bin/../lib/gcc/avr/4.8.1/../../../../avr/lib/avr51/crtm1284p.o
                0x0000008c                __init
 *(.init0)
 *(.init1)
 *(.init1)
 *(.init2)
 .init2         0x0000008c        0xc c:/program files (x86)/atmel/atmel toolchain/avr8 gcc/native/3.4.1061/avr8-gnu-toolchain/bin/../lib/gcc/avr/4.8.1/../../../../avr/lib/avr51/crtm1284p.o
 *(.init2)
 *(.init3)
 *(.init3)
 *(.init4)
 .init4         0x00000098       0x1a c:/program files (x86)/atmel/atmel toolchain/avr8 gcc/native/3.4.1061/avr8-gnu-toolchain/bin/../lib/gcc/avr/4.8.1/avr51\libgcc.a(_copy_data.o)
                0x00000098                __do_copy_data
 .init4         0x000000b2       0x10 c:/program files (x86)/atmel/atmel toolchain/avr8 gcc/native/3.4.1061/avr8-gnu-toolchain/bin/../lib/gcc/avr/4.8.1/avr51\libgcc.a(_clear_bss.o)
                0x000000b2                __do_clear_bss
 *(.init4)
 *(.init5)
 *(.init5)
 *(.init6)
 *(.init6)
 *(.init7)
 *(.init7)
 *(.init8)
 *(.init8)
 *(.init9)
 .init9         0x000000c2        0x4 c:/program files (x86)/atmel/atmel toolchain/avr8 gcc/native/3.4.1061/avr8-gnu-toolchain/bin/../lib/gcc/avr/4.8.1/../../../../avr/lib/avr51/crtm1284p.o
 *(.init9)
 *(.text)
 .text          0x000000c6        0x2 c:/program files (x86)/atmel/atmel toolchain/avr8 gcc/native/3.4.1061/avr8-gnu-toolchain/bin/../lib/gcc/avr/4.8.1/../../../../avr/lib/avr51/crtm1284p.o
                0x000000c6                __vector_22
                0x000000c6                __vector_28
                0x000000c6                __vector_1
                0x000000c6                __vector_32
                0x000000c6                __vector_34
                0x000000c6                __vector_24
                0x000000c6                __vector_12
                0x000000c6                __bad_interrupt
                0x000000c6                __vector_6
                0x000000c6                __vector_31
                0x000000c6                __vector_3
                0x000000c6                __vector_23
                0x000000c6                __vector_30
                0x000000c6                __vector_25
                0x000000c6                __vector_11
                0x000000c6                __vector_13
                0x000000c6                __vector_17
                0x000000c6                __vector_19
                0x000000c6                __vector_7
                0x000000c6                __vector_27
                0x000000c6                __vector_5
                0x000000c6                __vector_33
                0x000000c6                __vector_4
                0x000000c6                __vector_9
                0x000000c6                __vector_2
                0x000000c6                __vector_21
                0x000000c6                __vector_15
                0x000000c6                __vector_29
                0x000000c6                __vector_8
                0x000000c6                __vector_26
                0x000000c6                __vector_14
                0x000000c6                __vector_10
                0x000000c6                __vector_16
                0x000000c6                __vector_18
                0x000000c6                __vector_20
                0x000000c8                . = ALIGN (0x2)
 *(.text.*)
 .text.i2c_wait_for_ack
                0x000000c8       0x14 src/tests/basic_functionality_tests.o
 .text.i2c_transmit_test
                0x000000dc       0x42 src/tests/basic_functionality_tests.o
                0x000000dc                i2c_transmit_test
 .text.board_init
                0x0000011e       0x20 src/ASF/common/boards/user_board/init.o
                0x0000011e                board_init
 .text.main     0x0000013e        0xc src/main.o
                0x0000013e                main
                0x0000014a                . = ALIGN (0x2)
 *(.fini9)
 .fini9         0x0000014a        0x0 c:/program files (x86)/atmel/atmel toolchain/avr8 gcc/native/3.4.1061/avr8-gnu-toolchain/bin/../lib/gcc/avr/4.8.1/avr51\libgcc.a(_exit.o)
                0x0000014a                _exit
                0x0000014a                exit
 *(.fini9)
 *(.fini8)
 *(.fini8)
 *(.fini7)
 *(.fini7)
 *(.fini6)
 *(.fini6)
 *(.fini5)
 *(.fini5)
 *(.fini4)
 *(.fini4)
 *(.fini3)
 *(.fini3)
 *(.fini2)
 *(.fini2)
 *(.fini1)
 *(.fini1)
 *(.fini0)
 .fini0         0x0000014a        0x4 c:/program files (x86)/atmel/atmel toolchain/avr8 gcc/native/3.4.1061/avr8-gnu-toolchain/bin/../lib/gcc/avr/4.8.1/avr51\libgcc.a(_exit.o)
 *(.fini0)
                0x0000014e                _etext = .

.data           0x00800100        0x0 load address 0x0000014e
                0x00800100                PROVIDE (__data_start, .)
 *(.data)
 *(.data*)
 *(.rodata)
 *(.rodata*)
 *(.gnu.linkonce.d*)
                0x00800100                . = ALIGN (0x2)
                0x00800100                _edata = .
                0x00800100                PROVIDE (__data_end, .)

.bss            0x00800100        0x0
                0x00800100                PROVIDE (__bss_start, .)
 *(.bss)
 *(.bss*)
 *(COMMON)
                0x00800100                PROVIDE (__bss_end, .)
                0x0000014e                __data_load_start = LOADADDR (.data)
                0x0000014e                __data_load_end = (__data_load_start + SIZEOF (.data))

.noinit         0x00800100        0x0
                0x00800100                PROVIDE (__noinit_start, .)
 *(.noinit*)
                0x00800100                PROVIDE (__noinit_end, .)
                0x00800100                _end = .
                0x00800100                PROVIDE (__heap_start, .)

.eeprom         0x00810000        0x0
 *(.eeprom*)
                0x00810000                __eeprom_end = .

.fuse
 *(.fuse)
 *(.lfuse)
 *(.hfuse)
 *(.efuse)

.lock
 *(.lock*)

.signature
 *(.signature*)

.user_signatures
 *(.user_signatures*)

.stab
 *(.stab)

.stabstr
 *(.stabstr)

.stab.excl
 *(.stab.excl)

.stab.exclstr
 *(.stab.exclstr)

.stab.index
 *(.stab.index)

.stab.indexstr
 *(.stab.indexstr)

.comment        0x00000000       0x30
 *(.comment)
 .comment       0x00000000       0x30 src/tests/basic_functionality_tests.o
                                 0x31 (size before relaxing)
 .comment       0x00000000       0x31 src/ASF/common/boards/user_board/init.o
 .comment       0x00000000       0x31 src/main.o

.note.gnu.build-id
 *(.note.gnu.build-id)

.debug
 *(.debug)

.line
 *(.line)

.debug_srcinfo
 *(.debug_srcinfo)

.debug_sfnames
 *(.debug_sfnames)

.debug_aranges  0x00000000       0x70
 *(.debug_aranges)
 .debug_aranges
                0x00000000       0x30 src/tests/basic_functionality_tests.o
 .debug_aranges
                0x00000030       0x20 src/ASF/common/boards/user_board/init.o
 .debug_aranges
                0x00000050       0x20 src/main.o

.debug_pubnames
 *(.debug_pubnames)

.debug_info     0x00000000      0x353
 *(.debug_info .gnu.linkonce.wi.*)
 .debug_info    0x00000000      0x190 src/tests/basic_functionality_tests.o
 .debug_info    0x00000190       0xf6 src/ASF/common/boards/user_board/init.o
 .debug_info    0x00000286       0xcd src/main.o

.debug_abbrev   0x00000000      0x290
 *(.debug_abbrev)
 .debug_abbrev  0x00000000      0x122 src/tests/basic_functionality_tests.o
 .debug_abbrev  0x00000122       0xc2 src/ASF/common/boards/user_board/init.o
 .debug_abbrev  0x000001e4       0xac src/main.o

.debug_line     0x00000000      0xbdf
 *(.debug_line .debug_line.* .debug_line_end)
 .debug_line    0x00000000      0x4a3 src/tests/basic_functionality_tests.o
 .debug_line    0x000004a3      0x391 src/ASF/common/boards/user_board/init.o
 .debug_line    0x00000834      0x3ab src/main.o

.debug_frame    0x00000000       0x8c
 *(.debug_frame)
 .debug_frame   0x00000000       0x44 src/tests/basic_functionality_tests.o
 .debug_frame   0x00000044       0x24 src/ASF/common/boards/user_board/init.o
 .debug_frame   0x00000068       0x24 src/main.o

.debug_str      0x00000000     0xf90c
 *(.debug_str)
 .debug_str     0x00000000     0xf889 src/tests/basic_functionality_tests.o
                               0xfa4b (size before relaxing)
 .debug_str     0x0000f889       0x70 src/ASF/common/boards/user_board/init.o
                               0xf9f5 (size before relaxing)
 .debug_str     0x0000f8f9       0x13 src/main.o
                               0xf9c7 (size before relaxing)

.debug_loc      0x00000000       0x7a
 *(.debug_loc)
 .debug_loc     0x00000000       0x7a src/tests/basic_functionality_tests.o

.debug_macinfo
 *(.debug_macinfo)

.debug_weaknames
 *(.debug_weaknames)

.debug_funcnames
 *(.debug_funcnames)

.debug_typenames
 *(.debug_typenames)

.debug_varnames
 *(.debug_varnames)

.debug_pubtypes
 *(.debug_pubtypes)

.debug_ranges   0x00000000       0x88
 *(.debug_ranges)
 .debug_ranges  0x00000000       0x68 src/tests/basic_functionality_tests.o
 .debug_ranges  0x00000068       0x10 src/ASF/common/boards/user_board/init.o
 .debug_ranges  0x00000078       0x10 src/main.o

.debug_macro    0x00000000     0x2cd4
 *(.debug_macro)
 .debug_macro   0x00000000      0x15c src/tests/basic_functionality_tests.o
 .debug_macro   0x0000015c       0x10 src/tests/basic_functionality_tests.o
 .debug_macro   0x0000016c       0x9e src/tests/basic_functionality_tests.o
 .debug_macro   0x0000020a     0x1a23 src/tests/basic_functionality_tests.o
 .debug_macro   0x00001c2d      0x171 src/tests/basic_functionality_tests.o
 .debug_macro   0x00001d9e       0xcb src/tests/basic_functionality_tests.o
 .debug_macro   0x00001e69       0x34 src/tests/basic_functionality_tests.o
 .debug_macro   0x00001e9d       0x18 src/tests/basic_functionality_tests.o
 .debug_macro   0x00001eb5       0x6c src/tests/basic_functionality_tests.o
 .debug_macro   0x00001f21       0x22 src/tests/basic_functionality_tests.o
 .debug_macro   0x00001f43       0x66 src/tests/basic_functionality_tests.o
 .debug_macro   0x00001fa9      0x4ae src/tests/basic_functionality_tests.o
 .debug_macro   0x00002457       0x44 src/tests/basic_functionality_tests.o
 .debug_macro   0x0000249b       0x69 src/tests/basic_functionality_tests.o
 .debug_macro   0x00002504       0x2c src/tests/basic_functionality_tests.o
 .debug_macro   0x00002530       0x10 src/tests/basic_functionality_tests.o
 .debug_macro   0x00002540      0x175 src/tests/basic_functionality_tests.o
 .debug_macro   0x000026b5       0x40 src/tests/basic_functionality_tests.o
 .debug_macro   0x000026f5      0x100 src/tests/basic_functionality_tests.o
 .debug_macro   0x000027f5      0x231 src/tests/basic_functionality_tests.o
 .debug_macro   0x00002a26      0x152 src/ASF/common/boards/user_board/init.o
 .debug_macro   0x00002b78      0x15c src/main.o
OUTPUT(sensor_module.elf elf32-avr)
LOAD linker stubs
